// Jest Snapshot v1, https://goo.gl/fbAQLP

exports[`Cart checkout() should return an object with the total and the list of items 1`] = `
Object {
  "items": Array [
    Object {
      "product": Object {
        "price": 35388,
        "title": "Adidas running shoed - male",
      },
      "quantity": 2,
    },
    Object {
      "product": Object {
        "price": 25388,
        "title": "Adidas running shoed - female",
      },
      "quantity": 3,
    },
  ],
  "total": 146940,
}
`;

exports[`Cart checkout() should return an object with the total and the list of items when summary() is called 1`] = `
Object {
  "items": Array [
    Object {
      "product": Object {
        "price": 35388,
        "title": "Adidas running shoed - male",
      },
      "quantity": 2,
    },
    Object {
      "product": Object {
        "price": 25388,
        "title": "Adidas running shoed - female",
      },
      "quantity": 3,
    },
  ],
  "total": 146940,
}
`;
